00000318
08800010
00000319
08800010
0000031a
08800010
0000031b
08800010
