00000000
00000001
00000002
08800014
00000318
00000002
00000003
08800014
00000318
00000003
00000004
08800014
00000318
00000004

00000003
08800010
00000354
00000002
08800010
00000354
00000001
08800010
00000354
00000000

00000000
00000001
00000002
08800014
00000390
00000002
00000003
00000004
08800014
00000390
00000004
00000005
00000006
08800014
00000390
00000006

00000003
08800010
000003c8
00000002
08800010
000003c8
00000001
08800010
000003c8
00000000
