0000001e
00000027
00000030

40808000
0000003f
00000076

00000039
00000053
0000005c
00000065
0000006e

40808000
0000007d
000000b4

00000077
00000091
0000009a
000000a3
000000ac

40808000
000000bb
000000f2

000000b5
000000cf
000000d8
000000e1
000000ea

40808000
000000f9
00000130

000000f3
0000010d
00000116
0000011f
00000128

40808000
00000137
0000016e

00000131
0000014b
00000154
0000015d
00000166

40808000
00000175
000001ac

0000016f
00000189
00000192
0000019b
000001a4

40808000
000001b3
000001ea

000001ad
000001c7
000001d0
000001d9
000001e2

40808000
000001f1
00000228

000001eb
00000205
0000020f
00000215
