00000000
40000001
4000000e
4000001b
40000028
40000035
40000040

00000001
40000001
4000000e
4000001b
40000028
40000035
40000042

00000002
40000001
4000000e
4000001b
40000028
40000035
40000042

00000003
40000001
4000000e
4000001b
40000028
40000035
40000042

