00000008
00000001
00000007
00000001
00000006
00000001
00000005
00000100
00000000
00000001
00000003
00000001
00000002
00000001
00000001
00000001
00000000
