00400010
fffffff6
00400014
fffffff7
00400018
fffffff8
0040001c
fffffff9
00400020
fffffffa
00400024
fffffffb
00400028
fffffffc
0040002c
fffffffd
00400030
fffffffe
00400034
ffffffff
00400038
00000000
0040003c
00000001
00400040
00000002
00400044
00000003
00400048
00000004
0040004c
00000005
00400050
00000006
00400054
00000007
00400058
00000008
0040005c
00000009
00400060
