3
00006001
0000191f
00001d3f
4
00000000
00000012
00000412
1
000020ff
0000091b
00000c1b
2
00004077
00001016
0000141e
3
00006001
0000191f
00001d3f
4
00000000
00000012
00000412
5
00402000
00010087
000100c7
6
00406000
00010187
000101c7
7
0f000000
003c0007
003c0047
