00006001

00004077


0000e001
80000000
m

000040ff
80000000
m

000020ff
00000001
h=1

00000000
00000004
h=4
