00000005
00000001
00000004
00000007
00000003
00000006

00000006
00000007
00000003
00000004
00000005
00000006

00000007
00000007
00000007
00000007
00000007
00000007

00000005
00000000
00000003
00000006
00000001
00000004
00000007
00000002
00000005
00000000
