00000003
00000001
00000006
00000004

80000000
m

80000000
m

00000004
h=4

00000007
h=7

