08800030
80000000

ffffffff

80000000

ffffffff

00000000

08800030
7fffffff

7fffffff

00000000

08800030
80000000
