00000000
00000020
00000002
00000020
00000004
00000020
00000006
00000020
