00000000
00000002
00000004
00000006
00000008
08800034
00000000
00000002
00000004
00000006
00000008
00000034
00000000
00000002
00000004
00000006
00000008
00000034

00000004
00000034
00000003
00000034
00000002
00000034
00000001
00000034

0000000a
00000008
00000006
00000004
00000034

00000005
00000034
00000004
00000034
00000003
00000034
00000002
00000034
00000001
00000034
