00000000
08800034
00000002
00000034
00000004
00000034
00000006
00000034
00000000
00000000
00000000
00000034
00000002
00000034
00000004
00000034
00000006
00000034
00000000
00000000
00000000
0000000a
00000034
00000008
00000034
00000006
00000034
00000004
00000034
00000000
00000000
0000000a
00000034
00000008
00000034
00000006
00000034
00000004
00000034
00000000
