80000000
80000001

00000004

00000004

08800034
00000003

08800034
00000002

08800034
00000001

08800034
00000000

00000000

00000000
